// Jest Snapshot v1, https://goo.gl/fbAQLP

exports[`App component renders correctly 1`] = `
<DocumentFragment>
  <div
    class="App"
  >
    <h1>
      Password Component
    </h1>
    <div
      style="display: flex; justify-content: center; align-items: center;"
    >
      <input
        aria-label="Password"
        type="password"
      />
      <ul
        style="list-style: none; padding: 0px;"
      >
        <li
          style="margin-bottom: 1rem;"
        >
          <span
            style="background-color: red; color: white; padding: 2rem; clip-path: circle(20%);"
          >
            x
          </span>
          Has a number 0-9
        </li>
        <li
          style="margin-bottom: 1rem;"
        >
          <span
            style="background-color: red; color: white; padding: 2rem; clip-path: circle(20%);"
          >
            x
          </span>
          Has a special char !@#$%^&*
        </li>
        <li
          style="margin-bottom: 1rem;"
        >
          <span
            style="background-color: red; color: white; padding: 2rem; clip-path: circle(20%);"
          >
            x
          </span>
          Has uppercase Letter
        </li>
        <li
          style="margin-bottom: 1rem;"
        >
          <span
            style="background-color: red; color: white; padding: 2rem; clip-path: circle(20%);"
          >
            x
          </span>
          Has no consecutive characters
        </li>
      </ul>
    </div>
  </div>
</DocumentFragment>
`;
